// Jest Snapshot v1, https://goo.gl/fbAQLP

exports[`renders correctly 1`] = `
<View
  style={
    Object {
      "alignItems": "center",
      "flex": 1,
      "justifyContent": "center",
    }
  }
>
  <TextInput
    allowFontScaling={true}
    autoCapitalize="none"
    onChange={[Function]}
    placeholder="Username"
    placeholderTextColor="white"
    rejectResponderTermination={true}
    style={
      Object {
        "backgroundColor": "#AFEEEE",
        "borderRadius": 14,
        "color": "white",
        "fontSize": 18,
        "fontWeight": "500",
        "height": 55,
        "margin": 10,
        "padding": 8,
        "width": 350,
      }
    }
    underlineColorAndroid="transparent"
  />
  <TextInput
    allowFontScaling={true}
    autoCapitalize="none"
    onChange={[Function]}
    placeholder="Email"
    placeholderTextColor="white"
    rejectResponderTermination={true}
    style={
      Object {
        "backgroundColor": "#AFEEEE",
        "borderRadius": 14,
        "color": "white",
        "fontSize": 18,
        "fontWeight": "500",
        "height": 55,
        "margin": 10,
        "padding": 8,
        "width": 350,
      }
    }
    underlineColorAndroid="transparent"
  />
  <TextInput
    allowFontScaling={true}
    autoCapitalize="none"
    onChange={[Function]}
    placeholder="Password"
    placeholderTextColor="white"
    rejectResponderTermination={true}
    secureTextEntry={true}
    style={
      Object {
        "backgroundColor": "#AFEEEE",
        "borderRadius": 14,
        "color": "white",
        "fontSize": 18,
        "fontWeight": "500",
        "height": 55,
        "margin": 10,
        "padding": 8,
        "width": 350,
      }
    }
    underlineColorAndroid="transparent"
  />
  <View
    accessibilityRole="button"
    accessibilityState={Object {}}
    accessible={true}
    focusable={true}
    onClick={[Function]}
    onResponderGrant={[Function]}
    onResponderMove={[Function]}
    onResponderRelease={[Function]}
    onResponderTerminate={[Function]}
    onResponderTerminationRequest={[Function]}
    onStartShouldSetResponder={[Function]}
    style={
      Object {
        "opacity": 1,
      }
    }
  >
    <View
      style={
        Array [
          Object {},
        ]
      }
    >
      <Text
        style={
          Array [
            Object {
              "color": "#007AFF",
              "fontSize": 18,
              "margin": 8,
              "textAlign": "center",
            },
          ]
        }
      >
        Sign Up
      </Text>
    </View>
  </View>
  <Text
    onPress={[Function]}
    style={
      Object {
        "color": "blue",
      }
    }
  >
    Already have an account? Login here
  </Text>
</View>
`;
